[13551:259:1130/193551.190397:WARNING:chrome_main_delegate.cc(672)] This is Chrome version 131.0.6778.86 (not a warning)
[13551:259:1130/193552.933123:INFO:chrome_browser_cloud_management_controller.cc(196)] No machine level policy manager exists.
[13559:259:1130/193554.165986:WARNING:viz_main_impl.cc(85)] VizNullHypothesis is disabled (not a warning)
[13559:259:1130/193555.643547:ERROR:gl_display.cc(497)] EGL Driver message (Error) eglQueryDeviceAttribEXT: Bad attribute.
[13559:259:1130/193556.791877:ERROR:gl_display.cc(497)] EGL Driver message (Error) eglQueryDeviceAttribEXT: Bad attribute.
[13559:259:1130/193556.895965:ERROR:gl_display.cc(497)] EGL Driver message (Error) eglQueryDeviceAttribEXT: Bad attribute.
[13559:259:1130/193556.967588:ERROR:gl_display.cc(497)] EGL Driver message (Error) eglQueryDeviceAttribEXT: Bad attribute.
[13559:259:1130/193556.979130:ERROR:gl_display.cc(497)] EGL Driver message (Error) eglQueryDeviceAttribEXT: Bad attribute.
[13559:259:1130/193556.993954:ERROR:gl_display.cc(497)] EGL Driver message (Error) eglQueryDeviceAttribEXT: Bad attribute.
[13559:259:1130/193557.015193:ERROR:gl_display.cc(497)] EGL Driver message (Error) eglQueryDeviceAttribEXT: Bad attribute.
[13559:259:1130/193557.021202:ERROR:gl_display.cc(497)] EGL Driver message (Error) eglQueryDeviceAttribEXT: Bad attribute.
[13559:259:1130/193557.036906:ERROR:gl_display.cc(497)] EGL Driver message (Error) eglQueryDeviceAttribEXT: Bad attribute.
[13559:259:1130/193557.066042:ERROR:gl_display.cc(497)] EGL Driver message (Error) eglQueryDeviceAttribEXT: Bad attribute.
[13559:259:1130/193557.102296:ERROR:gl_display.cc(497)] EGL Driver message (Error) eglQueryDeviceAttribEXT: Bad attribute.
[13559:259:1130/193557.130249:ERROR:gl_display.cc(497)] EGL Driver message (Error) eglQueryDeviceAttribEXT: Bad attribute.
[13559:259:1130/193557.175928:ERROR:gl_display.cc(497)] EGL Driver message (Error) eglQueryDeviceAttribEXT: Bad attribute.
[13559:259:1130/193557.192647:ERROR:gl_display.cc(497)] EGL Driver message (Error) eglQueryDeviceAttribEXT: Bad attribute.
[13559:259:1130/193557.243221:ERROR:gl_display.cc(497)] EGL Driver message (Error) eglQueryDeviceAttribEXT: Bad attribute.
[13559:259:1130/193557.260142:ERROR:gl_display.cc(497)] EGL Driver message (Error) eglQueryDeviceAttribEXT: Bad attribute.
[13559:259:1130/193557.294547:ERROR:gl_display.cc(497)] EGL Driver message (Error) eglQueryDeviceAttribEXT: Bad attribute.
[13559:259:1130/193557.309926:ERROR:gl_display.cc(497)] EGL Driver message (Error) eglQueryDeviceAttribEXT: Bad attribute.
[13559:259:1130/193557.326548:ERROR:gl_display.cc(497)] EGL Driver message (Error) eglQueryDeviceAttribEXT: Bad attribute.
[13559:259:1130/193557.347153:ERROR:gl_display.cc(497)] EGL Driver message (Error) eglQueryDeviceAttribEXT: Bad attribute.
[13559:259:1130/193557.395103:ERROR:gl_display.cc(497)] EGL Driver message (Error) eglQueryDeviceAttribEXT: Bad attribute.
[13559:259:1130/193557.410529:ERROR:gl_display.cc(497)] EGL Driver message (Error) eglQueryDeviceAttribEXT: Bad attribute.
[13559:259:1130/193557.427142:ERROR:gl_display.cc(497)] EGL Driver message (Error) eglQueryDeviceAttribEXT: Bad attribute.
[13559:259:1130/193557.443727:ERROR:gl_display.cc(497)] EGL Driver message (Error) eglQueryDeviceAttribEXT: Bad attribute.
[13559:259:1130/193557.461214:ERROR:gl_display.cc(497)] EGL Driver message (Error) eglQueryDeviceAttribEXT: Bad attribute.
[13559:259:1130/193557.599569:ERROR:gl_display.cc(497)] EGL Driver message (Error) eglQueryDeviceAttribEXT: Bad attribute.
[13559:259:1130/193557.601474:ERROR:gl_display.cc(497)] EGL Driver message (Error) eglQueryDeviceAttribEXT: Bad attribute.
[13559:259:1130/193557.612347:ERROR:gl_display.cc(497)] EGL Driver message (Error) eglQueryDeviceAttribEXT: Bad attribute.
[13559:259:1130/193557.825480:ERROR:gl_display.cc(497)] EGL Driver message (Error) eglQueryDeviceAttribEXT: Bad attribute.
[13559:259:1130/193557.880323:ERROR:gl_display.cc(497)] EGL Driver message (Error) eglQueryDeviceAttribEXT: Bad attribute.
[13559:259:1130/193557.939987:ERROR:gl_display.cc(497)] EGL Driver message (Error) eglQueryDeviceAttribEXT: Bad attribute.
[13559:259:1130/193557.954843:ERROR:gl_display.cc(497)] EGL Driver message (Error) eglQueryDeviceAttribEXT: Bad attribute.
[13559:259:1130/193557.958839:ERROR:gl_display.cc(497)] EGL Driver message (Error) eglQueryDeviceAttribEXT: Bad attribute.
[13559:259:1130/193557.991473:ERROR:gl_display.cc(497)] EGL Driver message (Error) eglQueryDeviceAttribEXT: Bad attribute.
[13559:259:1130/193558.102445:ERROR:gl_display.cc(497)] EGL Driver message (Error) eglQueryDeviceAttribEXT: Bad attribute.
[13559:259:1130/193558.125153:ERROR:gl_display.cc(497)] EGL Driver message (Error) eglQueryDeviceAttribEXT: Bad attribute.
[13559:259:1130/193558.128643:ERROR:gl_display.cc(497)] EGL Driver message (Error) eglQueryDeviceAttribEXT: Bad attribute.
[13559:259:1130/193558.135737:ERROR:gl_display.cc(497)] EGL Driver message (Error) eglQueryDeviceAttribEXT: Bad attribute.
[13559:259:1130/193558.147564:ERROR:gl_display.cc(497)] EGL Driver message (Error) eglQueryDeviceAttribEXT: Bad attribute.
[13559:259:1130/193558.163570:ERROR:gl_display.cc(497)] EGL Driver message (Error) eglQueryDeviceAttribEXT: Bad attribute.
[13559:259:1130/193558.195647:ERROR:gl_display.cc(497)] EGL Driver message (Error) eglQueryDeviceAttribEXT: Bad attribute.
[13559:259:1130/193558.213800:ERROR:gl_display.cc(497)] EGL Driver message (Error) eglQueryDeviceAttribEXT: Bad attribute.
[13559:259:1130/193558.263893:ERROR:gl_display.cc(497)] EGL Driver message (Error) eglQueryDeviceAttribEXT: Bad attribute.
[13559:259:1130/193558.280708:ERROR:gl_display.cc(497)] EGL Driver message (Error) eglQueryDeviceAttribEXT: Bad attribute.
[13559:259:1130/193558.296870:ERROR:gl_display.cc(497)] EGL Driver message (Error) eglQueryDeviceAttribEXT: Bad attribute.
[13559:259:1130/193558.314140:ERROR:gl_display.cc(497)] EGL Driver message (Error) eglQueryDeviceAttribEXT: Bad attribute.
[13559:259:1130/193558.332165:ERROR:gl_display.cc(497)] EGL Driver message (Error) eglQueryDeviceAttribEXT: Bad attribute.
[13559:259:1130/193558.377853:ERROR:gl_display.cc(497)] EGL Driver message (Error) eglQueryDeviceAttribEXT: Bad attribute.
[13559:259:1130/193558.400568:ERROR:gl_display.cc(497)] EGL Driver message (Error) eglQueryDeviceAttribEXT: Bad attribute.
[13559:259:1130/193558.496596:ERROR:gl_display.cc(497)] EGL Driver message (Error) eglQueryDeviceAttribEXT: Bad attribute.
[13559:259:1130/193558.546857:ERROR:gl_display.cc(497)] EGL Driver message (Error) eglQueryDeviceAttribEXT: Bad attribute.
[13559:259:1130/193558.563692:ERROR:gl_display.cc(497)] EGL Driver message (Error) eglQueryDeviceAttribEXT: Bad attribute.
[13559:259:1130/193558.570098:ERROR:gl_display.cc(497)] EGL Driver message (Error) eglQueryDeviceAttribEXT: Bad attribute.
[13559:259:1130/193558.587196:ERROR:gl_display.cc(497)] EGL Driver message (Error) eglQueryDeviceAttribEXT: Bad attribute.
[13559:259:1130/193558.617820:ERROR:gl_display.cc(497)] EGL Driver message (Error) eglQueryDeviceAttribEXT: Bad attribute.
[13559:259:1130/193558.636697:ERROR:gl_display.cc(497)] EGL Driver message (Error) eglQueryDeviceAttribEXT: Bad attribute.
[13559:259:1130/193558.655800:ERROR:gl_display.cc(497)] EGL Driver message (Error) eglQueryDeviceAttribEXT: Bad attribute.
[13559:259:1130/193558.680438:ERROR:gl_display.cc(497)] EGL Driver message (Error) eglQueryDeviceAttribEXT: Bad attribute.
[13559:259:1130/193558.730228:ERROR:gl_display.cc(497)] EGL Driver message (Error) eglQueryDeviceAttribEXT: Bad attribute.
[13559:259:1130/193558.747101:ERROR:gl_display.cc(497)] EGL Driver message (Error) eglQueryDeviceAttribEXT: Bad attribute.
[13559:259:1130/193558.781807:ERROR:gl_display.cc(497)] EGL Driver message (Error) eglQueryDeviceAttribEXT: Bad attribute.
[13559:259:1130/193558.798025:ERROR:gl_display.cc(497)] EGL Driver message (Error) eglQueryDeviceAttribEXT: Bad attribute.
[13559:259:1130/193558.809725:ERROR:gl_display.cc(497)] EGL Driver message (Error) eglQueryDeviceAttribEXT: Bad attribute.
[13559:259:1130/193558.820582:ERROR:gl_display.cc(497)] EGL Driver message (Error) eglQueryDeviceAttribEXT: Bad attribute.
[13559:259:1130/193558.842173:ERROR:gl_display.cc(497)] EGL Driver message (Error) eglQueryDeviceAttribEXT: Bad attribute.
[13559:259:1130/193559.054772:ERROR:gl_display.cc(497)] EGL Driver message (Error) eglQueryDeviceAttribEXT: Bad attribute.
[13559:259:1130/193559.070184:ERROR:gl_display.cc(497)] EGL Driver message (Error) eglQueryDeviceAttribEXT: Bad attribute.
[13559:259:1130/193559.086797:ERROR:gl_display.cc(497)] EGL Driver message (Error) eglQueryDeviceAttribEXT: Bad attribute.
[13559:259:1130/193559.220939:ERROR:gl_display.cc(497)] EGL Driver message (Error) eglQueryDeviceAttribEXT: Bad attribute.
[13559:259:1130/193559.237305:ERROR:gl_display.cc(497)] EGL Driver message (Error) eglQueryDeviceAttribEXT: Bad attribute.
[13559:259:1130/193559.253943:ERROR:gl_display.cc(497)] EGL Driver message (Error) eglQueryDeviceAttribEXT: Bad attribute.
[13559:259:1130/193559.289054:ERROR:gl_display.cc(497)] EGL Driver message (Error) eglQueryDeviceAttribEXT: Bad attribute.
[13559:259:1130/193559.307004:ERROR:gl_display.cc(497)] EGL Driver message (Error) eglQueryDeviceAttribEXT: Bad attribute.
[13559:259:1130/193559.336795:ERROR:gl_display.cc(497)] EGL Driver message (Error) eglQueryDeviceAttribEXT: Bad attribute.
[13559:259:1130/193559.373911:ERROR:gl_display.cc(497)] EGL Driver message (Error) eglQueryDeviceAttribEXT: Bad attribute.
[13559:259:1130/193559.396426:ERROR:gl_display.cc(497)] EGL Driver message (Error) eglQueryDeviceAttribEXT: Bad attribute.
[13559:259:1130/193559.439251:ERROR:gl_display.cc(497)] EGL Driver message (Error) eglQueryDeviceAttribEXT: Bad attribute.
[13559:259:1130/193559.462226:ERROR:gl_display.cc(497)] EGL Driver message (Error) eglQueryDeviceAttribEXT: Bad attribute.
[13559:259:1130/193559.555865:ERROR:gl_display.cc(497)] EGL Driver message (Error) eglQueryDeviceAttribEXT: Bad attribute.
[13559:259:1130/193559.559843:ERROR:gl_display.cc(497)] EGL Driver message (Error) eglQueryDeviceAttribEXT: Bad attribute.
[13559:259:1130/193559.561861:ERROR:gl_display.cc(497)] EGL Driver message (Error) eglQueryDeviceAttribEXT: Bad attribute.
[13559:259:1130/193559.572239:ERROR:gl_display.cc(497)] EGL Driver message (Error) eglQueryDeviceAttribEXT: Bad attribute.
[13559:259:1130/193559.588425:ERROR:gl_display.cc(497)] EGL Driver message (Error) eglQueryDeviceAttribEXT: Bad attribute.
[13559:259:1130/193559.623226:ERROR:gl_display.cc(497)] EGL Driver message (Error) eglQueryDeviceAttribEXT: Bad attribute.
[13559:259:1130/193559.754926:ERROR:gl_display.cc(497)] EGL Driver message (Error) eglQueryDeviceAttribEXT: Bad attribute.
[13559:259:1130/193559.759370:ERROR:gl_display.cc(497)] EGL Driver message (Error) eglQueryDeviceAttribEXT: Bad attribute.
[13559:259:1130/193559.761437:ERROR:gl_display.cc(497)] EGL Driver message (Error) eglQueryDeviceAttribEXT: Bad attribute.
[13559:259:1130/193559.772353:ERROR:gl_display.cc(497)] EGL Driver message (Error) eglQueryDeviceAttribEXT: Bad attribute.
[13559:259:1130/193559.788772:ERROR:gl_display.cc(497)] EGL Driver message (Error) eglQueryDeviceAttribEXT: Bad attribute.
[13559:259:1130/193559.805719:ERROR:gl_display.cc(497)] EGL Driver message (Error) eglQueryDeviceAttribEXT: Bad attribute.
[13559:259:1130/193559.826239:ERROR:gl_display.cc(497)] EGL Driver message (Error) eglQueryDeviceAttribEXT: Bad attribute.
[13559:259:1130/193559.854129:ERROR:gl_display.cc(497)] EGL Driver message (Error) eglQueryDeviceAttribEXT: Bad attribute.
[13559:259:1130/193559.890389:ERROR:gl_display.cc(497)] EGL Driver message (Error) eglQueryDeviceAttribEXT: Bad attribute.
[13559:259:1130/193559.908205:ERROR:gl_display.cc(497)] EGL Driver message (Error) eglQueryDeviceAttribEXT: Bad attribute.
[13559:259:1130/193559.923684:ERROR:gl_display.cc(497)] EGL Driver message (Error) eglQueryDeviceAttribEXT: Bad attribute.
[13559:259:1130/193559.959505:ERROR:gl_display.cc(497)] EGL Driver message (Error) eglQueryDeviceAttribEXT: Bad attribute.
[13559:259:1130/193559.976121:ERROR:gl_display.cc(497)] EGL Driver message (Error) eglQueryDeviceAttribEXT: Bad attribute.
[13559:259:1130/193600.018542:ERROR:gl_display.cc(497)] EGL Driver message (Error) eglQueryDeviceAttribEXT: Bad attribute.
[13559:259:1130/193600.051011:ERROR:gl_display.cc(497)] EGL Driver message (Error) eglQueryDeviceAttribEXT: Bad attribute.
[13559:259:1130/193600.070097:ERROR:gl_display.cc(497)] EGL Driver message (Error) eglQueryDeviceAttribEXT: Bad attribute.
[13559:259:1130/193600.118908:ERROR:gl_display.cc(497)] EGL Driver message (Error) eglQueryDeviceAttribEXT: Bad attribute.
[13559:259:1130/193600.134840:ERROR:gl_display.cc(497)] EGL Driver message (Error) eglQueryDeviceAttribEXT: Bad attribute.
[13559:259:1130/193600.168088:ERROR:gl_display.cc(497)] EGL Driver message (Error) eglQueryDeviceAttribEXT: Bad attribute.
[13559:259:1130/193600.189212:ERROR:gl_display.cc(497)] EGL Driver message (Error) eglQueryDeviceAttribEXT: Bad attribute.
[13559:259:1130/193600.234460:ERROR:gl_display.cc(497)] EGL Driver message (Error) eglQueryDeviceAttribEXT: Bad attribute.
[13559:259:1130/193600.252760:ERROR:gl_display.cc(497)] EGL Driver message (Error) eglQueryDeviceAttribEXT: Bad attribute.
[13559:259:1130/193600.303971:ERROR:gl_display.cc(497)] EGL Driver message (Error) eglQueryDeviceAttribEXT: Bad attribute.
[13559:259:1130/193600.318720:ERROR:gl_display.cc(497)] EGL Driver message (Error) eglQueryDeviceAttribEXT: Bad attribute.
[13559:259:1130/193600.340082:ERROR:gl_display.cc(497)] EGL Driver message (Error) eglQueryDeviceAttribEXT: Bad attribute.
[13559:259:1130/193600.385292:ERROR:gl_display.cc(497)] EGL Driver message (Error) eglQueryDeviceAttribEXT: Bad attribute.
[13559:259:1130/193600.401848:ERROR:gl_display.cc(497)] EGL Driver message (Error) eglQueryDeviceAttribEXT: Bad attribute.
[13559:259:1130/193600.452214:ERROR:gl_display.cc(497)] EGL Driver message (Error) eglQueryDeviceAttribEXT: Bad attribute.
[13559:259:1130/193600.466739:ERROR:gl_display.cc(497)] EGL Driver message (Error) eglQueryDeviceAttribEXT: Bad attribute.
[13559:259:1130/193600.475804:ERROR:gl_display.cc(497)] EGL Driver message (Error) eglQueryDeviceAttribEXT: Bad attribute.
[13559:259:1130/193600.492943:ERROR:gl_display.cc(497)] EGL Driver message (Error) eglQueryDeviceAttribEXT: Bad attribute.
[13559:259:1130/193600.508593:ERROR:gl_display.cc(497)] EGL Driver message (Error) eglQueryDeviceAttribEXT: Bad attribute.
[13559:259:1130/193600.524718:ERROR:gl_display.cc(497)] EGL Driver message (Error) eglQueryDeviceAttribEXT: Bad attribute.
[13559:259:1130/193600.559801:ERROR:gl_display.cc(497)] EGL Driver message (Error) eglQueryDeviceAttribEXT: Bad attribute.
[13559:259:1130/193600.574699:ERROR:gl_display.cc(497)] EGL Driver message (Error) eglQueryDeviceAttribEXT: Bad attribute.
[13559:259:1130/193600.591250:ERROR:gl_display.cc(497)] EGL Driver message (Error) eglQueryDeviceAttribEXT: Bad attribute.
[13559:259:1130/193600.608028:ERROR:gl_display.cc(497)] EGL Driver message (Error) eglQueryDeviceAttribEXT: Bad attribute.
[13559:259:1130/193600.626598:ERROR:gl_display.cc(497)] EGL Driver message (Error) eglQueryDeviceAttribEXT: Bad attribute.
[13559:259:1130/193600.652208:ERROR:gl_display.cc(497)] EGL Driver message (Error) eglQueryDeviceAttribEXT: Bad attribute.
[13559:259:1130/193600.674721:ERROR:gl_display.cc(497)] EGL Driver message (Error) eglQueryDeviceAttribEXT: Bad attribute.
[13559:259:1130/193600.720228:ERROR:gl_display.cc(497)] EGL Driver message (Error) eglQueryDeviceAttribEXT: Bad attribute.
[13559:259:1130/193600.736686:ERROR:gl_display.cc(497)] EGL Driver message (Error) eglQueryDeviceAttribEXT: Bad attribute.
[13559:259:1130/193600.785966:ERROR:gl_display.cc(497)] EGL Driver message (Error) eglQueryDeviceAttribEXT: Bad attribute.
[13559:259:1130/193600.803011:ERROR:gl_display.cc(497)] EGL Driver message (Error) eglQueryDeviceAttribEXT: Bad attribute.
[13559:259:1130/193600.836662:ERROR:gl_display.cc(497)] EGL Driver message (Error) eglQueryDeviceAttribEXT: Bad attribute.
[13559:259:1130/193600.856606:ERROR:gl_display.cc(497)] EGL Driver message (Error) eglQueryDeviceAttribEXT: Bad attribute.
[13559:259:1130/193600.879921:ERROR:gl_display.cc(497)] EGL Driver message (Error) eglQueryDeviceAttribEXT: Bad attribute.
[13559:259:1130/193600.894931:ERROR:gl_display.cc(497)] EGL Driver message (Error) eglQueryDeviceAttribEXT: Bad attribute.
[13559:259:1130/193600.908769:ERROR:gl_display.cc(497)] EGL Driver message (Error) eglQueryDeviceAttribEXT: Bad attribute.
[13559:259:1130/193600.936266:ERROR:gl_display.cc(497)] EGL Driver message (Error) eglQueryDeviceAttribEXT: Bad attribute.
[13559:259:1130/193600.971932:ERROR:gl_display.cc(497)] EGL Driver message (Error) eglQueryDeviceAttribEXT: Bad attribute.
[13559:259:1130/193600.986780:ERROR:gl_display.cc(497)] EGL Driver message (Error) eglQueryDeviceAttribEXT: Bad attribute.
[13559:259:1130/193600.993393:ERROR:gl_display.cc(497)] EGL Driver message (Error) eglQueryDeviceAttribEXT: Bad attribute.
[13559:259:1130/193601.021020:ERROR:gl_display.cc(497)] EGL Driver message (Error) eglQueryDeviceAttribEXT: Bad attribute.
[13559:259:1130/193601.054691:ERROR:gl_display.cc(497)] EGL Driver message (Error) eglQueryDeviceAttribEXT: Bad attribute.
[13559:259:1130/193601.067874:ERROR:gl_display.cc(497)] EGL Driver message (Error) eglQueryDeviceAttribEXT: Bad attribute.
[13559:259:1130/193601.087103:ERROR:gl_display.cc(497)] EGL Driver message (Error) eglQueryDeviceAttribEXT: Bad attribute.
[13559:259:1130/193601.121793:ERROR:gl_display.cc(497)] EGL Driver message (Error) eglQueryDeviceAttribEXT: Bad attribute.
[13559:259:1130/193601.138188:ERROR:gl_display.cc(497)] EGL Driver message (Error) eglQueryDeviceAttribEXT: Bad attribute.
[13559:259:1130/193601.143631:ERROR:gl_display.cc(497)] EGL Driver message (Error) eglQueryDeviceAttribEXT: Bad attribute.
[13559:259:1130/193601.160516:ERROR:gl_display.cc(497)] EGL Driver message (Error) eglQueryDeviceAttribEXT: Bad attribute.
[13559:259:1130/193601.180291:ERROR:gl_display.cc(497)] EGL Driver message (Error) eglQueryDeviceAttribEXT: Bad attribute.
[13559:259:1130/193601.192891:ERROR:gl_display.cc(497)] EGL Driver message (Error) eglQueryDeviceAttribEXT: Bad attribute.
[13559:259:1130/193601.237298:ERROR:gl_display.cc(497)] EGL Driver message (Error) eglQueryDeviceAttribEXT: Bad attribute.
[13559:259:1130/193601.254767:ERROR:gl_display.cc(497)] EGL Driver message (Error) eglQueryDeviceAttribEXT: Bad attribute.
[13559:259:1130/193601.303990:ERROR:gl_display.cc(497)] EGL Driver message (Error) eglQueryDeviceAttribEXT: Bad attribute.
[13559:259:1130/193601.320607:ERROR:gl_display.cc(497)] EGL Driver message (Error) eglQueryDeviceAttribEXT: Bad attribute.
[13559:259:1130/193601.349359:ERROR:gl_display.cc(497)] EGL Driver message (Error) eglQueryDeviceAttribEXT: Bad attribute.
[13559:259:1130/193601.389632:ERROR:gl_display.cc(497)] EGL Driver message (Error) eglQueryDeviceAttribEXT: Bad attribute.
[13559:259:1130/193601.404436:ERROR:gl_display.cc(497)] EGL Driver message (Error) eglQueryDeviceAttribEXT: Bad attribute.
[13559:259:1130/193601.437726:ERROR:gl_display.cc(497)] EGL Driver message (Error) eglQueryDeviceAttribEXT: Bad attribute.
[13559:259:1130/193601.445123:ERROR:gl_display.cc(497)] EGL Driver message (Error) eglQueryDeviceAttribEXT: Bad attribute.
[13559:259:1130/193601.471201:ERROR:gl_display.cc(497)] EGL Driver message (Error) eglQueryDeviceAttribEXT: Bad attribute.
[13559:259:1130/193601.523414:ERROR:gl_display.cc(497)] EGL Driver message (Error) eglQueryDeviceAttribEXT: Bad attribute.
[13559:259:1130/193601.539820:ERROR:gl_display.cc(497)] EGL Driver message (Error) eglQueryDeviceAttribEXT: Bad attribute.
[13559:259:1130/193601.559052:ERROR:gl_display.cc(497)] EGL Driver message (Error) eglQueryDeviceAttribEXT: Bad attribute.
[13559:259:1130/193601.604878:ERROR:gl_display.cc(497)] EGL Driver message (Error) eglQueryDeviceAttribEXT: Bad attribute.
[13559:259:1130/193601.621724:ERROR:gl_display.cc(497)] EGL Driver message (Error) eglQueryDeviceAttribEXT: Bad attribute.
[13559:259:1130/193601.671800:ERROR:gl_display.cc(497)] EGL Driver message (Error) eglQueryDeviceAttribEXT: Bad attribute.
[13559:259:1130/193601.688684:ERROR:gl_display.cc(497)] EGL Driver message (Error) eglQueryDeviceAttribEXT: Bad attribute.
[13559:259:1130/193601.709706:ERROR:gl_display.cc(497)] EGL Driver message (Error) eglQueryDeviceAttribEXT: Bad attribute.
[13559:259:1130/193601.757387:ERROR:gl_display.cc(497)] EGL Driver message (Error) eglQueryDeviceAttribEXT: Bad attribute.
[13559:259:1130/193601.772151:ERROR:gl_display.cc(497)] EGL Driver message (Error) eglQueryDeviceAttribEXT: Bad attribute.
[13559:259:1130/193601.821941:ERROR:gl_display.cc(497)] EGL Driver message (Error) eglQueryDeviceAttribEXT: Bad attribute.
[13559:259:1130/193601.854220:ERROR:gl_display.cc(497)] EGL Driver message (Error) eglQueryDeviceAttribEXT: Bad attribute.
[13559:259:1130/193601.867009:ERROR:gl_display.cc(497)] EGL Driver message (Error) eglQueryDeviceAttribEXT: Bad attribute.
[13559:259:1130/193601.907841:ERROR:gl_display.cc(497)] EGL Driver message (Error) eglQueryDeviceAttribEXT: Bad attribute.
[13559:259:1130/193601.922491:ERROR:gl_display.cc(497)] EGL Driver message (Error) eglQueryDeviceAttribEXT: Bad attribute.
[13559:259:1130/193601.972975:ERROR:gl_display.cc(497)] EGL Driver message (Error) eglQueryDeviceAttribEXT: Bad attribute.
[13559:259:1130/193601.989353:ERROR:gl_display.cc(497)] EGL Driver message (Error) eglQueryDeviceAttribEXT: Bad attribute.
[13559:259:1130/193602.023099:ERROR:gl_display.cc(497)] EGL Driver message (Error) eglQueryDeviceAttribEXT: Bad attribute.
[13559:259:1130/193602.043723:ERROR:gl_display.cc(497)] EGL Driver message (Error) eglQueryDeviceAttribEXT: Bad attribute.
[13559:259:1130/193602.091533:ERROR:gl_display.cc(497)] EGL Driver message (Error) eglQueryDeviceAttribEXT: Bad attribute.
[13559:259:1130/193602.106648:ERROR:gl_display.cc(497)] EGL Driver message (Error) eglQueryDeviceAttribEXT: Bad attribute.
[13559:259:1130/193602.158036:ERROR:gl_display.cc(497)] EGL Driver message (Error) eglQueryDeviceAttribEXT: Bad attribute.
[13559:259:1130/193602.165013:ERROR:gl_display.cc(497)] EGL Driver message (Error) eglQueryDeviceAttribEXT: Bad attribute.
[13559:259:1130/193602.179199:ERROR:gl_display.cc(497)] EGL Driver message (Error) eglQueryDeviceAttribEXT: Bad attribute.
[13559:259:1130/193602.196368:ERROR:gl_display.cc(497)] EGL Driver message (Error) eglQueryDeviceAttribEXT: Bad attribute.
[13559:259:1130/193602.216210:ERROR:gl_display.cc(497)] EGL Driver message (Error) eglQueryDeviceAttribEXT: Bad attribute.
[13559:259:1130/193602.241178:ERROR:gl_display.cc(497)] EGL Driver message (Error) eglQueryDeviceAttribEXT: Bad attribute.
[13559:259:1130/193602.257398:ERROR:gl_display.cc(497)] EGL Driver message (Error) eglQueryDeviceAttribEXT: Bad attribute.
[13559:259:1130/193602.294366:ERROR:gl_display.cc(497)] EGL Driver message (Error) eglQueryDeviceAttribEXT: Bad attribute.
[13559:259:1130/193602.299395:ERROR:gl_display.cc(497)] EGL Driver message (Error) eglQueryDeviceAttribEXT: Bad attribute.
[13559:259:1130/193602.313425:ERROR:gl_display.cc(497)] EGL Driver message (Error) eglQueryDeviceAttribEXT: Bad attribute.
[13559:259:1130/193602.330091:ERROR:gl_display.cc(497)] EGL Driver message (Error) eglQueryDeviceAttribEXT: Bad attribute.
[13559:259:1130/193602.350650:ERROR:gl_display.cc(497)] EGL Driver message (Error) eglQueryDeviceAttribEXT: Bad attribute.
[13559:259:1130/193602.364216:ERROR:gl_display.cc(497)] EGL Driver message (Error) eglQueryDeviceAttribEXT: Bad attribute.
[13559:259:1130/193602.390960:ERROR:gl_display.cc(497)] EGL Driver message (Error) eglQueryDeviceAttribEXT: Bad attribute.
[13559:259:1130/193602.399900:ERROR:gl_display.cc(497)] EGL Driver message (Error) eglQueryDeviceAttribEXT: Bad attribute.
[13559:259:1130/193602.417786:ERROR:gl_display.cc(497)] EGL Driver message (Error) eglQueryDeviceAttribEXT: Bad attribute.
[13559:259:1130/193602.432400:ERROR:gl_display.cc(497)] EGL Driver message (Error) eglQueryDeviceAttribEXT: Bad attribute.
[13559:259:1130/193602.448016:ERROR:gl_display.cc(497)] EGL Driver message (Error) eglQueryDeviceAttribEXT: Bad attribute.
[13559:259:1130/193602.463379:ERROR:gl_display.cc(497)] EGL Driver message (Error) eglQueryDeviceAttribEXT: Bad attribute.
[13559:259:1130/193602.482320:ERROR:gl_display.cc(497)] EGL Driver message (Error) eglQueryDeviceAttribEXT: Bad attribute.
[13559:259:1130/193602.496643:ERROR:gl_display.cc(497)] EGL Driver message (Error) eglQueryDeviceAttribEXT: Bad attribute.
[13559:259:1130/193602.515002:ERROR:gl_display.cc(497)] EGL Driver message (Error) eglQueryDeviceAttribEXT: Bad attribute.
[13559:259:1130/193602.534975:ERROR:gl_display.cc(497)] EGL Driver message (Error) eglQueryDeviceAttribEXT: Bad attribute.
[13559:259:1130/193602.547478:ERROR:gl_display.cc(497)] EGL Driver message (Error) eglQueryDeviceAttribEXT: Bad attribute.
[13559:259:1130/193602.566420:ERROR:gl_display.cc(497)] EGL Driver message (Error) eglQueryDeviceAttribEXT: Bad attribute.
[13559:259:1130/193602.580898:ERROR:gl_display.cc(497)] EGL Driver message (Error) eglQueryDeviceAttribEXT: Bad attribute.
[13559:259:1130/193602.599161:ERROR:gl_display.cc(497)] EGL Driver message (Error) eglQueryDeviceAttribEXT: Bad attribute.
[13559:259:1130/193602.614204:ERROR:gl_display.cc(497)] EGL Driver message (Error) eglQueryDeviceAttribEXT: Bad attribute.
[13559:259:1130/193602.630874:ERROR:gl_display.cc(497)] EGL Driver message (Error) eglQueryDeviceAttribEXT: Bad attribute.
[13559:259:1130/193602.647716:ERROR:gl_display.cc(497)] EGL Driver message (Error) eglQueryDeviceAttribEXT: Bad attribute.
[13559:259:1130/193602.667022:ERROR:gl_display.cc(497)] EGL Driver message (Error) eglQueryDeviceAttribEXT: Bad attribute.
[13559:259:1130/193602.680779:ERROR:gl_display.cc(497)] EGL Driver message (Error) eglQueryDeviceAttribEXT: Bad attribute.
[13559:259:1130/193602.698312:ERROR:gl_display.cc(497)] EGL Driver message (Error) eglQueryDeviceAttribEXT: Bad attribute.
[13559:259:1130/193602.714041:ERROR:gl_display.cc(497)] EGL Driver message (Error) eglQueryDeviceAttribEXT: Bad attribute.
[13559:259:1130/193602.731693:ERROR:gl_display.cc(497)] EGL Driver message (Error) eglQueryDeviceAttribEXT: Bad attribute.
[13559:259:1130/193602.748472:ERROR:gl_display.cc(497)] EGL Driver message (Error) eglQueryDeviceAttribEXT: Bad attribute.
[13559:259:1130/193602.764762:ERROR:gl_display.cc(497)] EGL Driver message (Error) eglQueryDeviceAttribEXT: Bad attribute.
[13559:259:1130/193602.781799:ERROR:gl_display.cc(497)] EGL Driver message (Error) eglQueryDeviceAttribEXT: Bad attribute.
[13559:259:1130/193602.798504:ERROR:gl_display.cc(497)] EGL Driver message (Error) eglQueryDeviceAttribEXT: Bad attribute.
[13559:259:1130/193602.817127:ERROR:gl_display.cc(497)] EGL Driver message (Error) eglQueryDeviceAttribEXT: Bad attribute.
[13559:259:1130/193602.842012:ERROR:gl_display.cc(497)] EGL Driver message (Error) eglQueryDeviceAttribEXT: Bad attribute.
[13559:259:1130/193602.848711:ERROR:gl_display.cc(497)] EGL Driver message (Error) eglQueryDeviceAttribEXT: Bad attribute.
[13559:259:1130/193602.864810:ERROR:gl_display.cc(497)] EGL Driver message (Error) eglQueryDeviceAttribEXT: Bad attribute.
[13559:259:1130/193602.881477:ERROR:gl_display.cc(497)] EGL Driver message (Error) eglQueryDeviceAttribEXT: Bad attribute.
[13559:259:1130/193602.900674:ERROR:gl_display.cc(497)] EGL Driver message (Error) eglQueryDeviceAttribEXT: Bad attribute.
[13559:259:1130/193602.916870:ERROR:gl_display.cc(497)] EGL Driver message (Error) eglQueryDeviceAttribEXT: Bad attribute.
[13559:259:1130/193602.932886:ERROR:gl_display.cc(497)] EGL Driver message (Error) eglQueryDeviceAttribEXT: Bad attribute.
[13559:259:1130/193602.976994:ERROR:gl_display.cc(497)] EGL Driver message (Error) eglQueryDeviceAttribEXT: Bad attribute.
[13559:259:1130/193602.993085:ERROR:gl_display.cc(497)] EGL Driver message (Error) eglQueryDeviceAttribEXT: Bad attribute.
[13559:259:1130/193603.025903:ERROR:gl_display.cc(497)] EGL Driver message (Error) eglQueryDeviceAttribEXT: Bad attribute.
[13559:259:1130/193603.046775:ERROR:gl_display.cc(497)] EGL Driver message (Error) eglQueryDeviceAttribEXT: Bad attribute.
[13559:259:1130/193603.092166:ERROR:gl_display.cc(497)] EGL Driver message (Error) eglQueryDeviceAttribEXT: Bad attribute.
[13559:259:1130/193603.108842:ERROR:gl_display.cc(497)] EGL Driver message (Error) eglQueryDeviceAttribEXT: Bad attribute.
[13559:259:1130/193603.159490:ERROR:gl_display.cc(497)] EGL Driver message (Error) eglQueryDeviceAttribEXT: Bad attribute.
[13559:259:1130/193603.175432:ERROR:gl_display.cc(497)] EGL Driver message (Error) eglQueryDeviceAttribEXT: Bad attribute.
[13559:259:1130/193603.210795:ERROR:gl_display.cc(497)] EGL Driver message (Error) eglQueryDeviceAttribEXT: Bad attribute.
[13559:259:1130/193603.231203:ERROR:gl_display.cc(497)] EGL Driver message (Error) eglQueryDeviceAttribEXT: Bad attribute.
[13559:259:1130/193603.276617:ERROR:gl_display.cc(497)] EGL Driver message (Error) eglQueryDeviceAttribEXT: Bad attribute.
[13559:259:1130/193603.293228:ERROR:gl_display.cc(497)] EGL Driver message (Error) eglQueryDeviceAttribEXT: Bad attribute.
[13559:259:1130/193603.343704:ERROR:gl_display.cc(497)] EGL Driver message (Error) eglQueryDeviceAttribEXT: Bad attribute.
[13559:259:1130/193603.360795:ERROR:gl_display.cc(497)] EGL Driver message (Error) eglQueryDeviceAttribEXT: Bad attribute.
[13559:259:1130/193603.367053:ERROR:gl_display.cc(497)] EGL Driver message (Error) eglQueryDeviceAttribEXT: Bad attribute.
[13559:259:1130/193603.395295:ERROR:gl_display.cc(497)] EGL Driver message (Error) eglQueryDeviceAttribEXT: Bad attribute.
[13559:259:1130/193603.408337:ERROR:gl_display.cc(497)] EGL Driver message (Error) eglQueryDeviceAttribEXT: Bad attribute.
[13559:259:1130/193603.427230:ERROR:gl_display.cc(497)] EGL Driver message (Error) eglQueryDeviceAttribEXT: Bad attribute.
[13559:259:1130/193603.443206:ERROR:gl_display.cc(497)] EGL Driver message (Error) eglQueryDeviceAttribEXT: Bad attribute.
[13559:259:1130/193603.453381:ERROR:gl_display.cc(497)] EGL Driver message (Error) eglQueryDeviceAttribEXT: Bad attribute.
[13559:259:1130/193603.473337:ERROR:gl_display.cc(497)] EGL Driver message (Error) eglQueryDeviceAttribEXT: Bad attribute.
[13559:259:1130/193603.493959:ERROR:gl_display.cc(497)] EGL Driver message (Error) eglQueryDeviceAttribEXT: Bad attribute.
[13559:259:1130/193603.528397:ERROR:gl_display.cc(497)] EGL Driver message (Error) eglQueryDeviceAttribEXT: Bad attribute.
[13559:259:1130/193603.545595:ERROR:gl_display.cc(497)] EGL Driver message (Error) eglQueryDeviceAttribEXT: Bad attribute.
[13559:259:1130/193603.549489:ERROR:gl_display.cc(497)] EGL Driver message (Error) eglQueryDeviceAttribEXT: Bad attribute.
[13559:259:1130/193603.567029:ERROR:gl_display.cc(497)] EGL Driver message (Error) eglQueryDeviceAttribEXT: Bad attribute.
[13559:259:1130/193603.584085:ERROR:gl_display.cc(497)] EGL Driver message (Error) eglQueryDeviceAttribEXT: Bad attribute.
[13559:259:1130/193603.601632:ERROR:gl_display.cc(497)] EGL Driver message (Error) eglQueryDeviceAttribEXT: Bad attribute.
[13559:259:1130/193603.628882:ERROR:gl_display.cc(497)] EGL Driver message (Error) eglQueryDeviceAttribEXT: Bad attribute.
[13559:259:1130/193603.678049:ERROR:gl_display.cc(497)] EGL Driver message (Error) eglQueryDeviceAttribEXT: Bad attribute.
[13559:259:1130/193603.685376:ERROR:gl_display.cc(497)] EGL Driver message (Error) eglQueryDeviceAttribEXT: Bad attribute.
[13559:259:1130/193603.700269:ERROR:gl_display.cc(497)] EGL Driver message (Error) eglQueryDeviceAttribEXT: Bad attribute.
[13559:259:1130/193603.716754:ERROR:gl_display.cc(497)] EGL Driver message (Error) eglQueryDeviceAttribEXT: Bad attribute.
[13559:259:1130/193603.734619:ERROR:gl_display.cc(497)] EGL Driver message (Error) eglQueryDeviceAttribEXT: Bad attribute.
[13559:259:1130/193603.750286:ERROR:gl_display.cc(497)] EGL Driver message (Error) eglQueryDeviceAttribEXT: Bad attribute.
[13559:259:1130/193603.767172:ERROR:gl_display.cc(497)] EGL Driver message (Error) eglQueryDeviceAttribEXT: Bad attribute.
[13559:259:1130/193603.810357:ERROR:gl_display.cc(497)] EGL Driver message (Error) eglQueryDeviceAttribEXT: Bad attribute.
[13559:259:1130/193603.816676:ERROR:gl_display.cc(497)] EGL Driver message (Error) eglQueryDeviceAttribEXT: Bad attribute.
[13559:259:1130/193603.847178:ERROR:gl_display.cc(497)] EGL Driver message (Error) eglQueryDeviceAttribEXT: Bad attribute.
[13559:259:1130/193603.861265:ERROR:gl_display.cc(497)] EGL Driver message (Error) eglQueryDeviceAttribEXT: Bad attribute.
[13559:259:1130/193603.878193:ERROR:gl_display.cc(497)] EGL Driver message (Error) eglQueryDeviceAttribEXT: Bad attribute.
[13559:259:1130/193603.892518:ERROR:gl_display.cc(497)] EGL Driver message (Error) eglQueryDeviceAttribEXT: Bad attribute.
[13559:259:1130/193603.914906:ERROR:gl_display.cc(497)] EGL Driver message (Error) eglQueryDeviceAttribEXT: Bad attribute.
[13559:259:1130/193603.922081:ERROR:gl_display.cc(497)] EGL Driver message (Error) eglQueryDeviceAttribEXT: Bad attribute.
[13559:259:1130/193603.946154:ERROR:gl_display.cc(497)] EGL Driver message (Error) eglQueryDeviceAttribEXT: Bad attribute.
[13559:259:1130/193603.963108:ERROR:gl_display.cc(497)] EGL Driver message (Error) eglQueryDeviceAttribEXT: Bad attribute.
[13559:259:1130/193603.973033:ERROR:gl_display.cc(497)] EGL Driver message (Error) eglQueryDeviceAttribEXT: Bad attribute.
[13559:259:1130/193603.996392:ERROR:gl_display.cc(497)] EGL Driver message (Error) eglQueryDeviceAttribEXT: Bad attribute.
[13559:259:1130/193604.001056:ERROR:gl_display.cc(497)] EGL Driver message (Error) eglQueryDeviceAttribEXT: Bad attribute.
[13559:259:1130/193604.028169:ERROR:gl_display.cc(497)] EGL Driver message (Error) eglQueryDeviceAttribEXT: Bad attribute.
[13559:259:1130/193604.044497:ERROR:gl_display.cc(497)] EGL Driver message (Error) eglQueryDeviceAttribEXT: Bad attribute.
[13559:259:1130/193604.080001:ERROR:gl_display.cc(497)] EGL Driver message (Error) eglQueryDeviceAttribEXT: Bad attribute.
[13559:259:1130/193604.115409:ERROR:gl_display.cc(497)] EGL Driver message (Error) eglQueryDeviceAttribEXT: Bad attribute.
[13559:259:1130/193604.148269:ERROR:gl_display.cc(497)] EGL Driver message (Error) eglQueryDeviceAttribEXT: Bad attribute.
[13559:259:1130/193604.179020:ERROR:gl_display.cc(497)] EGL Driver message (Error) eglQueryDeviceAttribEXT: Bad attribute.
[13559:259:1130/193604.213696:ERROR:gl_display.cc(497)] EGL Driver message (Error) eglQueryDeviceAttribEXT: Bad attribute.
[13559:259:1130/193604.230053:ERROR:gl_display.cc(497)] EGL Driver message (Error) eglQueryDeviceAttribEXT: Bad attribute.
[13559:259:1130/193604.266663:ERROR:gl_display.cc(497)] EGL Driver message (Error) eglQueryDeviceAttribEXT: Bad attribute.
[13559:259:1130/193604.296248:ERROR:gl_display.cc(497)] EGL Driver message (Error) eglQueryDeviceAttribEXT: Bad attribute.
[13559:259:1130/193604.312947:ERROR:gl_display.cc(497)] EGL Driver message (Error) eglQueryDeviceAttribEXT: Bad attribute.
[13559:259:1130/193604.349182:ERROR:gl_display.cc(497)] EGL Driver message (Error) eglQueryDeviceAttribEXT: Bad attribute.
[13559:259:1130/193604.363917:ERROR:gl_display.cc(497)] EGL Driver message (Error) eglQueryDeviceAttribEXT: Bad attribute.
[13559:259:1130/193604.379133:ERROR:gl_display.cc(497)] EGL Driver message (Error) eglQueryDeviceAttribEXT: Bad attribute.
[13559:259:1130/193604.395666:ERROR:gl_display.cc(497)] EGL Driver message (Error) eglQueryDeviceAttribEXT: Bad attribute.
[13559:259:1130/193604.412862:ERROR:gl_display.cc(497)] EGL Driver message (Error) eglQueryDeviceAttribEXT: Bad attribute.
[13559:259:1130/193604.430481:ERROR:gl_display.cc(497)] EGL Driver message (Error) eglQueryDeviceAttribEXT: Bad attribute.
[13559:259:1130/193604.462775:ERROR:gl_display.cc(497)] EGL Driver message (Error) eglQueryDeviceAttribEXT: Bad attribute.
[13559:259:1130/193604.480812:ERROR:gl_display.cc(497)] EGL Driver message (Error) eglQueryDeviceAttribEXT: Bad attribute.
[13559:259:1130/193604.493672:ERROR:gl_display.cc(497)] EGL Driver message (Error) eglQueryDeviceAttribEXT: Bad attribute.
[13559:259:1130/193604.536186:ERROR:gl_display.cc(497)] EGL Driver message (Error) eglQueryDeviceAttribEXT: Bad attribute.
[13559:259:1130/193604.564933:ERROR:gl_display.cc(497)] EGL Driver message (Error) eglQueryDeviceAttribEXT: Bad attribute.
[13559:259:1130/193604.590688:ERROR:gl_display.cc(497)] EGL Driver message (Error) eglQueryDeviceAttribEXT: Bad attribute.
[13559:259:1130/193604.617244:ERROR:gl_display.cc(497)] EGL Driver message (Error) eglQueryDeviceAttribEXT: Bad attribute.
[13559:259:1130/193604.635768:ERROR:gl_display.cc(497)] EGL Driver message (Error) eglQueryDeviceAttribEXT: Bad attribute.
[13559:259:1130/193604.663670:ERROR:gl_display.cc(497)] EGL Driver message (Error) eglQueryDeviceAttribEXT: Bad attribute.
[13559:259:1130/193604.696589:ERROR:gl_display.cc(497)] EGL Driver message (Error) eglQueryDeviceAttribEXT: Bad attribute.
[13559:259:1130/193604.730627:ERROR:gl_display.cc(497)] EGL Driver message (Error) eglQueryDeviceAttribEXT: Bad attribute.
[13559:259:1130/193604.765239:ERROR:gl_display.cc(497)] EGL Driver message (Error) eglQueryDeviceAttribEXT: Bad attribute.
[13559:259:1130/193604.781133:ERROR:gl_display.cc(497)] EGL Driver message (Error) eglQueryDeviceAttribEXT: Bad attribute.
[13559:259:1130/193604.797922:ERROR:gl_display.cc(497)] EGL Driver message (Error) eglQueryDeviceAttribEXT: Bad attribute.
[13559:259:1130/193604.830249:ERROR:gl_display.cc(497)] EGL Driver message (Error) eglQueryDeviceAttribEXT: Bad attribute.
[13559:259:1130/193604.864556:ERROR:gl_display.cc(497)] EGL Driver message (Error) eglQueryDeviceAttribEXT: Bad attribute.
[13559:259:1130/193604.881321:ERROR:gl_display.cc(497)] EGL Driver message (Error) eglQueryDeviceAttribEXT: Bad attribute.
[13559:259:1130/193604.924115:ERROR:gl_display.cc(497)] EGL Driver message (Error) eglQueryDeviceAttribEXT: Bad attribute.
[13559:259:1130/193604.935099:ERROR:gl_display.cc(497)] EGL Driver message (Error) eglQueryDeviceAttribEXT: Bad attribute.
[13559:259:1130/193604.967365:ERROR:gl_display.cc(497)] EGL Driver message (Error) eglQueryDeviceAttribEXT: Bad attribute.
[13559:259:1130/193604.986858:ERROR:gl_display.cc(497)] EGL Driver message (Error) eglQueryDeviceAttribEXT: Bad attribute.
[13559:259:1130/193605.032014:ERROR:gl_display.cc(497)] EGL Driver message (Error) eglQueryDeviceAttribEXT: Bad attribute.
[13559:259:1130/193605.054890:ERROR:gl_display.cc(497)] EGL Driver message (Error) eglQueryDeviceAttribEXT: Bad attribute.
[13559:259:1130/193605.082515:ERROR:gl_display.cc(497)] EGL Driver message (Error) eglQueryDeviceAttribEXT: Bad attribute.
[13559:259:1130/193605.114622:ERROR:gl_display.cc(497)] EGL Driver message (Error) eglQueryDeviceAttribEXT: Bad attribute.
[13559:259:1130/193605.149301:ERROR:gl_display.cc(497)] EGL Driver message (Error) eglQueryDeviceAttribEXT: Bad attribute.
[13559:259:1130/193605.274231:ERROR:gl_display.cc(497)] EGL Driver message (Error) eglQueryDeviceAttribEXT: Bad attribute.
[13559:259:1130/193605.281717:ERROR:gl_display.cc(497)] EGL Driver message (Error) eglQueryDeviceAttribEXT: Bad attribute.
[13559:259:1130/193605.298163:ERROR:gl_display.cc(497)] EGL Driver message (Error) eglQueryDeviceAttribEXT: Bad attribute.
[13559:259:1130/193605.315491:ERROR:gl_display.cc(497)] EGL Driver message (Error) eglQueryDeviceAttribEXT: Bad attribute.
[13559:259:1130/193605.348606:ERROR:gl_display.cc(497)] EGL Driver message (Error) eglQueryDeviceAttribEXT: Bad attribute.
[13559:259:1130/193605.385427:ERROR:gl_display.cc(497)] EGL Driver message (Error) eglQueryDeviceAttribEXT: Bad attribute.
[13559:259:1130/193605.541195:ERROR:gl_display.cc(497)] EGL Driver message (Error) eglQueryDeviceAttribEXT: Bad attribute.
[13559:259:1130/193605.548957:ERROR:gl_display.cc(497)] EGL Driver message (Error) eglQueryDeviceAttribEXT: Bad attribute.
[13559:259:1130/193605.565662:ERROR:gl_display.cc(497)] EGL Driver message (Error) eglQueryDeviceAttribEXT: Bad attribute.
[13559:259:1130/193605.582364:ERROR:gl_display.cc(497)] EGL Driver message (Error) eglQueryDeviceAttribEXT: Bad attribute.
[13559:259:1130/193605.598902:ERROR:gl_display.cc(497)] EGL Driver message (Error) eglQueryDeviceAttribEXT: Bad attribute.
[13559:259:1130/193605.615600:ERROR:gl_display.cc(497)] EGL Driver message (Error) eglQueryDeviceAttribEXT: Bad attribute.
[13559:259:1130/193605.632793:ERROR:gl_display.cc(497)] EGL Driver message (Error) eglQueryDeviceAttribEXT: Bad attribute.
[13559:259:1130/193605.666052:ERROR:gl_display.cc(497)] EGL Driver message (Error) eglQueryDeviceAttribEXT: Bad attribute.
[13559:259:1130/193606.034362:ERROR:gl_display.cc(497)] EGL Driver message (Error) eglQueryDeviceAttribEXT: Bad attribute.
[13559:259:1130/193606.066012:ERROR:gl_display.cc(497)] EGL Driver message (Error) eglQueryDeviceAttribEXT: Bad attribute.
[13559:259:1130/193606.073629:ERROR:gl_display.cc(497)] EGL Driver message (Error) eglQueryDeviceAttribEXT: Bad attribute.
[13559:259:1130/193606.101635:ERROR:gl_display.cc(497)] EGL Driver message (Error) eglQueryDeviceAttribEXT: Bad attribute.
[13559:259:1130/193606.124162:ERROR:gl_display.cc(497)] EGL Driver message (Error) eglQueryDeviceAttribEXT: Bad attribute.
[13559:259:1130/193606.129938:ERROR:gl_display.cc(497)] EGL Driver message (Error) eglQueryDeviceAttribEXT: Bad attribute.
[13559:259:1130/193606.271684:ERROR:gl_display.cc(497)] EGL Driver message (Error) eglQueryDeviceAttribEXT: Bad attribute.
[13559:259:1130/193606.278973:ERROR:gl_display.cc(497)] EGL Driver message (Error) eglQueryDeviceAttribEXT: Bad attribute.
[13559:259:1130/193606.283600:ERROR:gl_display.cc(497)] EGL Driver message (Error) eglQueryDeviceAttribEXT: Bad attribute.
[13559:259:1130/193606.294713:ERROR:gl_display.cc(497)] EGL Driver message (Error) eglQueryDeviceAttribEXT: Bad attribute.
[13559:259:1130/193606.317637:ERROR:gl_display.cc(497)] EGL Driver message (Error) eglQueryDeviceAttribEXT: Bad attribute.
[13559:259:1130/193606.338157:ERROR:gl_display.cc(497)] EGL Driver message (Error) eglQueryDeviceAttribEXT: Bad attribute.
[13559:259:1130/193606.368504:ERROR:gl_display.cc(497)] EGL Driver message (Error) eglQueryDeviceAttribEXT: Bad attribute.
[13559:259:1130/193606.407244:ERROR:gl_display.cc(497)] EGL Driver message (Error) eglQueryDeviceAttribEXT: Bad attribute.
[13559:259:1130/193606.427169:ERROR:gl_display.cc(497)] EGL Driver message (Error) eglQueryDeviceAttribEXT: Bad attribute.
[13559:259:1130/193606.471996:ERROR:gl_display.cc(497)] EGL Driver message (Error) eglQueryDeviceAttribEXT: Bad attribute.
[13559:259:1130/193606.524791:ERROR:gl_display.cc(497)] EGL Driver message (Error) eglQueryDeviceAttribEXT: Bad attribute.
[13559:259:1130/193606.556178:ERROR:gl_display.cc(497)] EGL Driver message (Error) eglQueryDeviceAttribEXT: Bad attribute.
[13559:259:1130/193606.568352:ERROR:gl_display.cc(497)] EGL Driver message (Error) eglQueryDeviceAttribEXT: Bad attribute.
[13559:259:1130/193606.586252:ERROR:gl_display.cc(497)] EGL Driver message (Error) eglQueryDeviceAttribEXT: Bad attribute.
[13559:259:1130/193606.619634:ERROR:gl_display.cc(497)] EGL Driver message (Error) eglQueryDeviceAttribEXT: Bad attribute.
[13559:259:1130/193606.636752:ERROR:gl_display.cc(497)] EGL Driver message (Error) eglQueryDeviceAttribEXT: Bad attribute.
[13559:259:1130/193606.671014:ERROR:gl_display.cc(497)] EGL Driver message (Error) eglQueryDeviceAttribEXT: Bad attribute.
[13559:259:1130/193606.700319:ERROR:gl_display.cc(497)] EGL Driver message (Error) eglQueryDeviceAttribEXT: Bad attribute.
[13559:259:1130/193606.733068:ERROR:gl_display.cc(497)] EGL Driver message (Error) eglQueryDeviceAttribEXT: Bad attribute.
[13559:259:1130/193606.765772:ERROR:gl_display.cc(497)] EGL Driver message (Error) eglQueryDeviceAttribEXT: Bad attribute.
[13559:259:1130/193606.785886:ERROR:gl_display.cc(497)] EGL Driver message (Error) eglQueryDeviceAttribEXT: Bad attribute.
[13559:259:1130/193606.825396:ERROR:gl_display.cc(497)] EGL Driver message (Error) eglQueryDeviceAttribEXT: Bad attribute.
[13551:259:1130/193610.528414:INFO:CONSOLE(154)] "Event handler of 'x-storagemutated-1' event must be added on the initial evaluation of worker script.", source: https://static.whatsapp.net/rsrc.php/v3/yz/r/4NZY0qPqwWi.js (154)
[13559:259:1130/193614.571431:ERROR:gl_display.cc(497)] EGL Driver message (Error) eglQueryDeviceAttribEXT: Bad attribute.
[13559:259:1130/193616.306977:ERROR:gl_display.cc(497)] EGL Driver message (Error) eglQueryDeviceAttribEXT: Bad attribute.
[13559:259:1130/193616.552727:ERROR:gl_display.cc(497)] EGL Driver message (Error) eglQueryDeviceAttribEXT: Bad attribute.
[13559:259:1130/193632.513944:ERROR:gl_display.cc(497)] EGL Driver message (Error) eglQueryDeviceAttribEXT: Bad attribute.
[13559:259:1130/193632.775608:ERROR:gl_display.cc(497)] EGL Driver message (Error) eglQueryDeviceAttribEXT: Bad attribute.
[13559:259:1130/193635.814787:ERROR:gl_display.cc(497)] EGL Driver message (Error) eglQueryDeviceAttribEXT: Bad attribute.
[13559:259:1130/193635.821429:ERROR:gl_display.cc(497)] EGL Driver message (Error) eglQueryDeviceAttribEXT: Bad attribute.
[13559:259:1130/193635.918517:ERROR:gl_display.cc(497)] EGL Driver message (Error) eglQueryDeviceAttribEXT: Bad attribute.
[13559:259:1130/193635.922051:ERROR:gl_display.cc(497)] EGL Driver message (Error) eglQueryDeviceAttribEXT: Bad attribute.
[13559:259:1130/193635.937907:ERROR:gl_display.cc(497)] EGL Driver message (Error) eglQueryDeviceAttribEXT: Bad attribute.
[13559:259:1130/193635.974498:ERROR:gl_display.cc(497)] EGL Driver message (Error) eglQueryDeviceAttribEXT: Bad attribute.
[13559:259:1130/193635.987422:ERROR:gl_display.cc(497)] EGL Driver message (Error) eglQueryDeviceAttribEXT: Bad attribute.
[13559:259:1130/193636.017449:ERROR:gl_display.cc(497)] EGL Driver message (Error) eglQueryDeviceAttribEXT: Bad attribute.
[13559:259:1130/193636.026665:ERROR:gl_display.cc(497)] EGL Driver message (Error) eglQueryDeviceAttribEXT: Bad attribute.
[13559:259:1130/193636.037980:ERROR:gl_display.cc(497)] EGL Driver message (Error) eglQueryDeviceAttribEXT: Bad attribute.
[13559:259:1130/193636.075694:ERROR:gl_display.cc(497)] EGL Driver message (Error) eglQueryDeviceAttribEXT: Bad attribute.
[13559:259:1130/193636.089609:ERROR:gl_display.cc(497)] EGL Driver message (Error) eglQueryDeviceAttribEXT: Bad attribute.
[13559:259:1130/193636.170245:ERROR:gl_display.cc(497)] EGL Driver message (Error) eglQueryDeviceAttribEXT: Bad attribute.
[13559:259:1130/193636.176246:ERROR:gl_display.cc(497)] EGL Driver message (Error) eglQueryDeviceAttribEXT: Bad attribute.
[13559:259:1130/193636.201759:ERROR:gl_display.cc(497)] EGL Driver message (Error) eglQueryDeviceAttribEXT: Bad attribute.
[13559:259:1130/193636.206093:ERROR:gl_display.cc(497)] EGL Driver message (Error) eglQueryDeviceAttribEXT: Bad attribute.
[13559:259:1130/193636.236244:ERROR:gl_display.cc(497)] EGL Driver message (Error) eglQueryDeviceAttribEXT: Bad attribute.
[13559:259:1130/193636.262831:ERROR:gl_display.cc(497)] EGL Driver message (Error) eglQueryDeviceAttribEXT: Bad attribute.
[13551:259:1130/193639.388377:WARNING:controller_impl.cc(1192)] Background download complete, client: 6, completion type: 0, file size:5155
[13551:259:1130/193640.047390:WARNING:controller_impl.cc(1192)] Background download complete, client: 6, completion type: 0, file size:265059
[13559:259:1130/193644.490683:ERROR:gl_display.cc(497)] EGL Driver message (Error) eglQueryDeviceAttribEXT: Bad attribute.
[13559:259:1130/193644.988720:ERROR:gl_display.cc(497)] EGL Driver message (Error) eglQueryDeviceAttribEXT: Bad attribute.
[13559:259:1130/193645.099323:ERROR:gl_display.cc(497)] EGL Driver message (Error) eglQueryDeviceAttribEXT: Bad attribute.
[13559:259:1130/193645.200339:ERROR:gl_display.cc(497)] EGL Driver message (Error) eglQueryDeviceAttribEXT: Bad attribute.
[13559:259:1130/193645.288922:ERROR:gl_display.cc(497)] EGL Driver message (Error) eglQueryDeviceAttribEXT: Bad attribute.
[13559:259:1130/193645.366560:ERROR:gl_display.cc(497)] EGL Driver message (Error) eglQueryDeviceAttribEXT: Bad attribute.
[13559:259:1130/193645.556936:ERROR:gl_display.cc(497)] EGL Driver message (Error) eglQueryDeviceAttribEXT: Bad attribute.
[13559:259:1130/193645.621910:ERROR:gl_display.cc(497)] EGL Driver message (Error) eglQueryDeviceAttribEXT: Bad attribute.
[13559:259:1130/193645.710275:ERROR:gl_display.cc(497)] EGL Driver message (Error) eglQueryDeviceAttribEXT: Bad attribute.
[13559:259:1130/193645.717932:ERROR:gl_display.cc(497)] EGL Driver message (Error) eglQueryDeviceAttribEXT: Bad attribute.
[13559:259:1130/193645.751284:ERROR:gl_display.cc(497)] EGL Driver message (Error) eglQueryDeviceAttribEXT: Bad attribute.
[13551:259:1130/193645.968560:WARNING:controller_impl.cc(1192)] Background download complete, client: 6, completion type: 1, file size:0
[13551:259:1130/193646.017850:WARNING:controller_impl.cc(1192)] Background download complete, client: 6, completion type: 1, file size:0
