[44022:259:1116/162641.699813:WARNING:chrome_main_delegate.cc(744)] This is Chrome version 130.0.6723.119 (not a warning)
[44022:259:1116/162642.087964:INFO:chrome_browser_cloud_management_controller.cc(196)] No machine level policy manager exists.
[44028:259:1116/162642.619470:WARNING:viz_main_impl.cc(85)] VizNullHypothesis is disabled (not a warning)
[44028:259:1116/162643.075957:ERROR:gl_display.cc(497)] EGL Driver message (Error) eglQueryDeviceAttribEXT: Bad attribute.
[44028:259:1116/162643.287143:ERROR:gl_display.cc(497)] EGL Driver message (Error) eglQueryDeviceAttribEXT: Bad attribute.
[44028:259:1116/162643.333031:ERROR:gl_display.cc(497)] EGL Driver message (Error) eglQueryDeviceAttribEXT: Bad attribute.
[44028:259:1116/162643.350078:ERROR:gl_display.cc(497)] EGL Driver message (Error) eglQueryDeviceAttribEXT: Bad attribute.
[44028:259:1116/162643.384161:ERROR:gl_display.cc(497)] EGL Driver message (Error) eglQueryDeviceAttribEXT: Bad attribute.
[44028:259:1116/162643.402561:ERROR:gl_display.cc(497)] EGL Driver message (Error) eglQueryDeviceAttribEXT: Bad attribute.
[44028:259:1116/162643.430934:ERROR:gl_display.cc(497)] EGL Driver message (Error) eglQueryDeviceAttribEXT: Bad attribute.
[44028:259:1116/162643.440387:ERROR:gl_display.cc(497)] EGL Driver message (Error) eglQueryDeviceAttribEXT: Bad attribute.
[44028:259:1116/162643.450519:ERROR:gl_display.cc(497)] EGL Driver message (Error) eglQueryDeviceAttribEXT: Bad attribute.
[44028:259:1116/162643.477267:ERROR:gl_display.cc(497)] EGL Driver message (Error) eglQueryDeviceAttribEXT: Bad attribute.
[44028:259:1116/162643.502397:ERROR:gl_display.cc(497)] EGL Driver message (Error) eglQueryDeviceAttribEXT: Bad attribute.
[44028:259:1116/162643.528939:ERROR:gl_display.cc(497)] EGL Driver message (Error) eglQueryDeviceAttribEXT: Bad attribute.
[44028:259:1116/162643.563135:ERROR:gl_display.cc(497)] EGL Driver message (Error) eglQueryDeviceAttribEXT: Bad attribute.
[44028:259:1116/162643.583960:ERROR:gl_display.cc(497)] EGL Driver message (Error) eglQueryDeviceAttribEXT: Bad attribute.
[44028:259:1116/162643.612710:ERROR:gl_display.cc(497)] EGL Driver message (Error) eglQueryDeviceAttribEXT: Bad attribute.
[44028:259:1116/162643.629191:ERROR:gl_display.cc(497)] EGL Driver message (Error) eglQueryDeviceAttribEXT: Bad attribute.
[44028:259:1116/162643.868457:ERROR:gl_display.cc(497)] EGL Driver message (Error) eglQueryDeviceAttribEXT: Bad attribute.
[44028:259:1116/162643.959834:ERROR:gl_display.cc(497)] EGL Driver message (Error) eglQueryDeviceAttribEXT: Bad attribute.
[44028:259:1116/162643.968865:ERROR:gl_display.cc(497)] EGL Driver message (Error) eglQueryDeviceAttribEXT: Bad attribute.
[44028:259:1116/162643.975222:ERROR:gl_display.cc(497)] EGL Driver message (Error) eglQueryDeviceAttribEXT: Bad attribute.
[44028:259:1116/162643.987148:ERROR:gl_display.cc(497)] EGL Driver message (Error) eglQueryDeviceAttribEXT: Bad attribute.
[44028:259:1116/162643.989912:ERROR:gl_display.cc(497)] EGL Driver message (Error) eglQueryDeviceAttribEXT: Bad attribute.
[44028:259:1116/162644.002692:ERROR:gl_display.cc(497)] EGL Driver message (Error) eglQueryDeviceAttribEXT: Bad attribute.
[44028:259:1116/162644.094016:ERROR:gl_display.cc(497)] EGL Driver message (Error) eglQueryDeviceAttribEXT: Bad attribute.
[44028:259:1116/162644.101698:ERROR:gl_display.cc(497)] EGL Driver message (Error) eglQueryDeviceAttribEXT: Bad attribute.
[44028:259:1116/162644.107302:ERROR:gl_display.cc(497)] EGL Driver message (Error) eglQueryDeviceAttribEXT: Bad attribute.
[44028:259:1116/162644.284118:ERROR:gl_display.cc(497)] EGL Driver message (Error) eglQueryDeviceAttribEXT: Bad attribute.
[44028:259:1116/162644.299602:ERROR:gl_display.cc(497)] EGL Driver message (Error) eglQueryDeviceAttribEXT: Bad attribute.
[44028:259:1116/162644.306334:ERROR:gl_display.cc(497)] EGL Driver message (Error) eglQueryDeviceAttribEXT: Bad attribute.
[44028:259:1116/162644.331749:ERROR:gl_display.cc(497)] EGL Driver message (Error) eglQueryDeviceAttribEXT: Bad attribute.
[44028:259:1116/162644.369576:ERROR:gl_display.cc(497)] EGL Driver message (Error) eglQueryDeviceAttribEXT: Bad attribute.
[44028:259:1116/162644.381290:ERROR:gl_display.cc(497)] EGL Driver message (Error) eglQueryDeviceAttribEXT: Bad attribute.
[44028:259:1116/162644.397477:ERROR:gl_display.cc(497)] EGL Driver message (Error) eglQueryDeviceAttribEXT: Bad attribute.
[44028:259:1116/162644.420014:ERROR:gl_display.cc(497)] EGL Driver message (Error) eglQueryDeviceAttribEXT: Bad attribute.
[44028:259:1116/162644.465083:ERROR:gl_display.cc(497)] EGL Driver message (Error) eglQueryDeviceAttribEXT: Bad attribute.
[44028:259:1116/162644.481551:ERROR:gl_display.cc(497)] EGL Driver message (Error) eglQueryDeviceAttribEXT: Bad attribute.
[44028:259:1116/162644.526201:ERROR:gl_display.cc(497)] EGL Driver message (Error) eglQueryDeviceAttribEXT: Bad attribute.
[44028:259:1116/162644.539347:ERROR:gl_display.cc(497)] EGL Driver message (Error) eglQueryDeviceAttribEXT: Bad attribute.
[44028:259:1116/162644.569672:ERROR:gl_display.cc(497)] EGL Driver message (Error) eglQueryDeviceAttribEXT: Bad attribute.
[44028:259:1116/162644.604581:ERROR:gl_display.cc(497)] EGL Driver message (Error) eglQueryDeviceAttribEXT: Bad attribute.
[44028:259:1116/162644.629531:ERROR:gl_display.cc(497)] EGL Driver message (Error) eglQueryDeviceAttribEXT: Bad attribute.
[44028:259:1116/162644.674258:ERROR:gl_display.cc(497)] EGL Driver message (Error) eglQueryDeviceAttribEXT: Bad attribute.
[44028:259:1116/162644.690183:ERROR:gl_display.cc(497)] EGL Driver message (Error) eglQueryDeviceAttribEXT: Bad attribute.
[44028:259:1116/162644.721291:ERROR:gl_display.cc(497)] EGL Driver message (Error) eglQueryDeviceAttribEXT: Bad attribute.
[44028:259:1116/162644.752159:ERROR:gl_display.cc(497)] EGL Driver message (Error) eglQueryDeviceAttribEXT: Bad attribute.
[44028:259:1116/162644.788182:ERROR:gl_display.cc(497)] EGL Driver message (Error) eglQueryDeviceAttribEXT: Bad attribute.
[44028:259:1116/162644.851579:ERROR:gl_display.cc(497)] EGL Driver message (Error) eglQueryDeviceAttribEXT: Bad attribute.
[44028:259:1116/162645.014655:ERROR:gl_display.cc(497)] EGL Driver message (Error) eglQueryDeviceAttribEXT: Bad attribute.
[44028:259:1116/162645.018089:ERROR:gl_display.cc(497)] EGL Driver message (Error) eglQueryDeviceAttribEXT: Bad attribute.
[44028:259:1116/162645.020488:ERROR:gl_display.cc(497)] EGL Driver message (Error) eglQueryDeviceAttribEXT: Bad attribute.
[44022:259:1116/162645.025895:INFO:CONSOLE(154)] "Event handler of 'x-storagemutated-1' event must be added on the initial evaluation of worker script.", source: https://static.whatsapp.net/rsrc.php/v3/yK/r/MQnWAa2ZiGz.js (154)
[44028:259:1116/162645.077946:ERROR:gl_display.cc(497)] EGL Driver message (Error) eglQueryDeviceAttribEXT: Bad attribute.
[44028:259:1116/162645.088562:ERROR:gl_display.cc(497)] EGL Driver message (Error) eglQueryDeviceAttribEXT: Bad attribute.
[44028:259:1116/162645.105302:ERROR:gl_display.cc(497)] EGL Driver message (Error) eglQueryDeviceAttribEXT: Bad attribute.
[44028:259:1116/162645.120896:ERROR:gl_display.cc(497)] EGL Driver message (Error) eglQueryDeviceAttribEXT: Bad attribute.
[44028:259:1116/162645.156570:ERROR:gl_display.cc(497)] EGL Driver message (Error) eglQueryDeviceAttribEXT: Bad attribute.
[44028:259:1116/162645.171702:ERROR:gl_display.cc(497)] EGL Driver message (Error) eglQueryDeviceAttribEXT: Bad attribute.
[44028:259:1116/162645.206563:ERROR:gl_display.cc(497)] EGL Driver message (Error) eglQueryDeviceAttribEXT: Bad attribute.
[44028:259:1116/162645.235824:ERROR:gl_display.cc(497)] EGL Driver message (Error) eglQueryDeviceAttribEXT: Bad attribute.
[44028:259:1116/162645.277527:ERROR:gl_display.cc(497)] EGL Driver message (Error) eglQueryDeviceAttribEXT: Bad attribute.
[44028:259:1116/162645.306950:ERROR:gl_display.cc(497)] EGL Driver message (Error) eglQueryDeviceAttribEXT: Bad attribute.
[44028:259:1116/162645.357341:ERROR:gl_display.cc(497)] EGL Driver message (Error) eglQueryDeviceAttribEXT: Bad attribute.
[44028:259:1116/162645.386023:ERROR:gl_display.cc(497)] EGL Driver message (Error) eglQueryDeviceAttribEXT: Bad attribute.
[44028:259:1116/162645.422899:ERROR:gl_display.cc(497)] EGL Driver message (Error) eglQueryDeviceAttribEXT: Bad attribute.
[44028:259:1116/162645.446954:ERROR:gl_display.cc(497)] EGL Driver message (Error) eglQueryDeviceAttribEXT: Bad attribute.
[44028:259:1116/162645.490731:ERROR:gl_display.cc(497)] EGL Driver message (Error) eglQueryDeviceAttribEXT: Bad attribute.
[44028:259:1116/162645.506879:ERROR:gl_display.cc(497)] EGL Driver message (Error) eglQueryDeviceAttribEXT: Bad attribute.
[44028:259:1116/162645.537958:ERROR:gl_display.cc(497)] EGL Driver message (Error) eglQueryDeviceAttribEXT: Bad attribute.
[44028:259:1116/162645.584851:ERROR:gl_display.cc(497)] EGL Driver message (Error) eglQueryDeviceAttribEXT: Bad attribute.
[44028:259:1116/162645.601587:ERROR:gl_display.cc(497)] EGL Driver message (Error) eglQueryDeviceAttribEXT: Bad attribute.
[44028:259:1116/162645.620340:ERROR:gl_display.cc(497)] EGL Driver message (Error) eglQueryDeviceAttribEXT: Bad attribute.
[44028:259:1116/162645.623668:ERROR:gl_display.cc(497)] EGL Driver message (Error) eglQueryDeviceAttribEXT: Bad attribute.
[44028:259:1116/162645.642362:ERROR:gl_display.cc(497)] EGL Driver message (Error) eglQueryDeviceAttribEXT: Bad attribute.
[44028:259:1116/162645.656726:ERROR:gl_display.cc(497)] EGL Driver message (Error) eglQueryDeviceAttribEXT: Bad attribute.
[44028:259:1116/162645.681407:ERROR:gl_display.cc(497)] EGL Driver message (Error) eglQueryDeviceAttribEXT: Bad attribute.
[44028:259:1116/162645.697615:ERROR:gl_display.cc(497)] EGL Driver message (Error) eglQueryDeviceAttribEXT: Bad attribute.
[44028:259:1116/162645.721474:ERROR:gl_display.cc(497)] EGL Driver message (Error) eglQueryDeviceAttribEXT: Bad attribute.
[44028:259:1116/162645.768590:ERROR:gl_display.cc(497)] EGL Driver message (Error) eglQueryDeviceAttribEXT: Bad attribute.
[44028:259:1116/162645.785892:ERROR:gl_display.cc(497)] EGL Driver message (Error) eglQueryDeviceAttribEXT: Bad attribute.
[44028:259:1116/162645.813417:ERROR:gl_display.cc(497)] EGL Driver message (Error) eglQueryDeviceAttribEXT: Bad attribute.
[44028:259:1116/162645.835824:ERROR:gl_display.cc(497)] EGL Driver message (Error) eglQueryDeviceAttribEXT: Bad attribute.
[44028:259:1116/162645.840734:ERROR:gl_display.cc(497)] EGL Driver message (Error) eglQueryDeviceAttribEXT: Bad attribute.
[44028:259:1116/162645.858957:ERROR:gl_display.cc(497)] EGL Driver message (Error) eglQueryDeviceAttribEXT: Bad attribute.
[44028:259:1116/162645.885925:ERROR:gl_display.cc(497)] EGL Driver message (Error) eglQueryDeviceAttribEXT: Bad attribute.
[44028:259:1116/162645.918959:ERROR:gl_display.cc(497)] EGL Driver message (Error) eglQueryDeviceAttribEXT: Bad attribute.
[44028:259:1116/162645.952364:ERROR:gl_display.cc(497)] EGL Driver message (Error) eglQueryDeviceAttribEXT: Bad attribute.
[44028:259:1116/162645.985462:ERROR:gl_display.cc(497)] EGL Driver message (Error) eglQueryDeviceAttribEXT: Bad attribute.
[44028:259:1116/162646.000561:ERROR:gl_display.cc(497)] EGL Driver message (Error) eglQueryDeviceAttribEXT: Bad attribute.
[44028:259:1116/162646.019049:ERROR:gl_display.cc(497)] EGL Driver message (Error) eglQueryDeviceAttribEXT: Bad attribute.
[44028:259:1116/162646.052562:ERROR:gl_display.cc(497)] EGL Driver message (Error) eglQueryDeviceAttribEXT: Bad attribute.
[44028:259:1116/162646.070290:ERROR:gl_display.cc(497)] EGL Driver message (Error) eglQueryDeviceAttribEXT: Bad attribute.
[44028:259:1116/162646.085586:ERROR:gl_display.cc(497)] EGL Driver message (Error) eglQueryDeviceAttribEXT: Bad attribute.
[44028:259:1116/162646.102724:ERROR:gl_display.cc(497)] EGL Driver message (Error) eglQueryDeviceAttribEXT: Bad attribute.
[44028:259:1116/162646.119621:ERROR:gl_display.cc(497)] EGL Driver message (Error) eglQueryDeviceAttribEXT: Bad attribute.
[44028:259:1116/162646.198668:ERROR:gl_display.cc(497)] EGL Driver message (Error) eglQueryDeviceAttribEXT: Bad attribute.
[44028:259:1116/162646.298169:ERROR:gl_display.cc(497)] EGL Driver message (Error) eglQueryDeviceAttribEXT: Bad attribute.
[44028:259:1116/162646.324958:ERROR:gl_display.cc(497)] EGL Driver message (Error) eglQueryDeviceAttribEXT: Bad attribute.
[44028:259:1116/162646.641058:ERROR:gl_display.cc(497)] EGL Driver message (Error) eglQueryDeviceAttribEXT: Bad attribute.
[44028:259:1116/162646.644219:ERROR:gl_display.cc(497)] EGL Driver message (Error) eglQueryDeviceAttribEXT: Bad attribute.
[44028:259:1116/162646.661406:ERROR:gl_display.cc(497)] EGL Driver message (Error) eglQueryDeviceAttribEXT: Bad attribute.
[44028:259:1116/162646.677726:ERROR:gl_display.cc(497)] EGL Driver message (Error) eglQueryDeviceAttribEXT: Bad attribute.
[44028:259:1116/162646.693408:ERROR:gl_display.cc(497)] EGL Driver message (Error) eglQueryDeviceAttribEXT: Bad attribute.
[44028:259:1116/162646.710585:ERROR:gl_display.cc(497)] EGL Driver message (Error) eglQueryDeviceAttribEXT: Bad attribute.
[44028:259:1116/162646.727735:ERROR:gl_display.cc(497)] EGL Driver message (Error) eglQueryDeviceAttribEXT: Bad attribute.
[44028:259:1116/162646.745083:ERROR:gl_display.cc(497)] EGL Driver message (Error) eglQueryDeviceAttribEXT: Bad attribute.
[44028:259:1116/162646.760979:ERROR:gl_display.cc(497)] EGL Driver message (Error) eglQueryDeviceAttribEXT: Bad attribute.
[44028:259:1116/162646.778829:ERROR:gl_display.cc(497)] EGL Driver message (Error) eglQueryDeviceAttribEXT: Bad attribute.
[44028:259:1116/162646.795355:ERROR:gl_display.cc(497)] EGL Driver message (Error) eglQueryDeviceAttribEXT: Bad attribute.
[44028:259:1116/162646.811601:ERROR:gl_display.cc(497)] EGL Driver message (Error) eglQueryDeviceAttribEXT: Bad attribute.
[44028:259:1116/162646.828163:ERROR:gl_display.cc(497)] EGL Driver message (Error) eglQueryDeviceAttribEXT: Bad attribute.
[44028:259:1116/162646.844549:ERROR:gl_display.cc(497)] EGL Driver message (Error) eglQueryDeviceAttribEXT: Bad attribute.
[44028:259:1116/162646.860828:ERROR:gl_display.cc(497)] EGL Driver message (Error) eglQueryDeviceAttribEXT: Bad attribute.
[44028:259:1116/162646.878744:ERROR:gl_display.cc(497)] EGL Driver message (Error) eglQueryDeviceAttribEXT: Bad attribute.
[44028:259:1116/162646.896242:ERROR:gl_display.cc(497)] EGL Driver message (Error) eglQueryDeviceAttribEXT: Bad attribute.
[44028:259:1116/162646.912039:ERROR:gl_display.cc(497)] EGL Driver message (Error) eglQueryDeviceAttribEXT: Bad attribute.
[44028:259:1116/162646.928363:ERROR:gl_display.cc(497)] EGL Driver message (Error) eglQueryDeviceAttribEXT: Bad attribute.
[44028:259:1116/162646.945299:ERROR:gl_display.cc(497)] EGL Driver message (Error) eglQueryDeviceAttribEXT: Bad attribute.
[44028:259:1116/162646.964673:ERROR:gl_display.cc(497)] EGL Driver message (Error) eglQueryDeviceAttribEXT: Bad attribute.
[44028:259:1116/162646.977660:ERROR:gl_display.cc(497)] EGL Driver message (Error) eglQueryDeviceAttribEXT: Bad attribute.
[44028:259:1116/162647.032235:ERROR:gl_display.cc(497)] EGL Driver message (Error) eglQueryDeviceAttribEXT: Bad attribute.
[44028:259:1116/162647.044029:ERROR:gl_display.cc(497)] EGL Driver message (Error) eglQueryDeviceAttribEXT: Bad attribute.
[44028:259:1116/162647.090513:ERROR:gl_display.cc(497)] EGL Driver message (Error) eglQueryDeviceAttribEXT: Bad attribute.
[44028:259:1116/162647.094477:ERROR:gl_display.cc(497)] EGL Driver message (Error) eglQueryDeviceAttribEXT: Bad attribute.
[44028:259:1116/162647.131165:ERROR:gl_display.cc(497)] EGL Driver message (Error) eglQueryDeviceAttribEXT: Bad attribute.
[44028:259:1116/162647.229492:ERROR:gl_display.cc(497)] EGL Driver message (Error) eglQueryDeviceAttribEXT: Bad attribute.
[44028:259:1116/162647.244124:ERROR:gl_display.cc(497)] EGL Driver message (Error) eglQueryDeviceAttribEXT: Bad attribute.
[44028:259:1116/162647.261737:ERROR:gl_display.cc(497)] EGL Driver message (Error) eglQueryDeviceAttribEXT: Bad attribute.
[44028:259:1116/162647.277814:ERROR:gl_display.cc(497)] EGL Driver message (Error) eglQueryDeviceAttribEXT: Bad attribute.
[44028:259:1116/162647.295198:ERROR:gl_display.cc(497)] EGL Driver message (Error) eglQueryDeviceAttribEXT: Bad attribute.
[44028:259:1116/162647.311251:ERROR:gl_display.cc(497)] EGL Driver message (Error) eglQueryDeviceAttribEXT: Bad attribute.
[44028:259:1116/162647.329571:ERROR:gl_display.cc(497)] EGL Driver message (Error) eglQueryDeviceAttribEXT: Bad attribute.
[44028:259:1116/162647.345125:ERROR:gl_display.cc(497)] EGL Driver message (Error) eglQueryDeviceAttribEXT: Bad attribute.
[44028:259:1116/162647.361807:ERROR:gl_display.cc(497)] EGL Driver message (Error) eglQueryDeviceAttribEXT: Bad attribute.
[44028:259:1116/162647.379082:ERROR:gl_display.cc(497)] EGL Driver message (Error) eglQueryDeviceAttribEXT: Bad attribute.
[44028:259:1116/162647.395887:ERROR:gl_display.cc(497)] EGL Driver message (Error) eglQueryDeviceAttribEXT: Bad attribute.
[44028:259:1116/162647.412654:ERROR:gl_display.cc(497)] EGL Driver message (Error) eglQueryDeviceAttribEXT: Bad attribute.
[44028:259:1116/162647.429098:ERROR:gl_display.cc(497)] EGL Driver message (Error) eglQueryDeviceAttribEXT: Bad attribute.
[44028:259:1116/162647.445877:ERROR:gl_display.cc(497)] EGL Driver message (Error) eglQueryDeviceAttribEXT: Bad attribute.
[44028:259:1116/162647.462680:ERROR:gl_display.cc(497)] EGL Driver message (Error) eglQueryDeviceAttribEXT: Bad attribute.
[44028:259:1116/162647.479774:ERROR:gl_display.cc(497)] EGL Driver message (Error) eglQueryDeviceAttribEXT: Bad attribute.
[44028:259:1116/162647.496250:ERROR:gl_display.cc(497)] EGL Driver message (Error) eglQueryDeviceAttribEXT: Bad attribute.
[44028:259:1116/162647.511804:ERROR:gl_display.cc(497)] EGL Driver message (Error) eglQueryDeviceAttribEXT: Bad attribute.
[44028:259:1116/162647.529442:ERROR:gl_display.cc(497)] EGL Driver message (Error) eglQueryDeviceAttribEXT: Bad attribute.
[44028:259:1116/162647.546614:ERROR:gl_display.cc(497)] EGL Driver message (Error) eglQueryDeviceAttribEXT: Bad attribute.
[44028:259:1116/162647.561841:ERROR:gl_display.cc(497)] EGL Driver message (Error) eglQueryDeviceAttribEXT: Bad attribute.
[44028:259:1116/162647.579370:ERROR:gl_display.cc(497)] EGL Driver message (Error) eglQueryDeviceAttribEXT: Bad attribute.
[44028:259:1116/162647.596638:ERROR:gl_display.cc(497)] EGL Driver message (Error) eglQueryDeviceAttribEXT: Bad attribute.
[44028:259:1116/162647.612702:ERROR:gl_display.cc(497)] EGL Driver message (Error) eglQueryDeviceAttribEXT: Bad attribute.
[44028:259:1116/162647.630173:ERROR:gl_display.cc(497)] EGL Driver message (Error) eglQueryDeviceAttribEXT: Bad attribute.
[44028:259:1116/162647.646865:ERROR:gl_display.cc(497)] EGL Driver message (Error) eglQueryDeviceAttribEXT: Bad attribute.
[44028:259:1116/162647.662687:ERROR:gl_display.cc(497)] EGL Driver message (Error) eglQueryDeviceAttribEXT: Bad attribute.
[44028:259:1116/162647.679208:ERROR:gl_display.cc(497)] EGL Driver message (Error) eglQueryDeviceAttribEXT: Bad attribute.
[44028:259:1116/162647.696757:ERROR:gl_display.cc(497)] EGL Driver message (Error) eglQueryDeviceAttribEXT: Bad attribute.
[44028:259:1116/162647.712562:ERROR:gl_display.cc(497)] EGL Driver message (Error) eglQueryDeviceAttribEXT: Bad attribute.
[44028:259:1116/162647.729950:ERROR:gl_display.cc(497)] EGL Driver message (Error) eglQueryDeviceAttribEXT: Bad attribute.
[44028:259:1116/162647.746859:ERROR:gl_display.cc(497)] EGL Driver message (Error) eglQueryDeviceAttribEXT: Bad attribute.
[44028:259:1116/162647.762936:ERROR:gl_display.cc(497)] EGL Driver message (Error) eglQueryDeviceAttribEXT: Bad attribute.
[44028:259:1116/162647.778830:ERROR:gl_display.cc(497)] EGL Driver message (Error) eglQueryDeviceAttribEXT: Bad attribute.
[44028:259:1116/162647.795597:ERROR:gl_display.cc(497)] EGL Driver message (Error) eglQueryDeviceAttribEXT: Bad attribute.
[44028:259:1116/162647.814474:ERROR:gl_display.cc(497)] EGL Driver message (Error) eglQueryDeviceAttribEXT: Bad attribute.
[44028:259:1116/162647.828851:ERROR:gl_display.cc(497)] EGL Driver message (Error) eglQueryDeviceAttribEXT: Bad attribute.
[44028:259:1116/162647.846841:ERROR:gl_display.cc(497)] EGL Driver message (Error) eglQueryDeviceAttribEXT: Bad attribute.
[44028:259:1116/162647.863086:ERROR:gl_display.cc(497)] EGL Driver message (Error) eglQueryDeviceAttribEXT: Bad attribute.
[44028:259:1116/162647.880136:ERROR:gl_display.cc(497)] EGL Driver message (Error) eglQueryDeviceAttribEXT: Bad attribute.
[44028:259:1116/162647.896867:ERROR:gl_display.cc(497)] EGL Driver message (Error) eglQueryDeviceAttribEXT: Bad attribute.
[44028:259:1116/162647.913095:ERROR:gl_display.cc(497)] EGL Driver message (Error) eglQueryDeviceAttribEXT: Bad attribute.
[44028:259:1116/162647.930442:ERROR:gl_display.cc(497)] EGL Driver message (Error) eglQueryDeviceAttribEXT: Bad attribute.
[44028:259:1116/162648.126409:ERROR:gl_display.cc(497)] EGL Driver message (Error) eglQueryDeviceAttribEXT: Bad attribute.
[44028:259:1116/162648.134575:ERROR:gl_display.cc(497)] EGL Driver message (Error) eglQueryDeviceAttribEXT: Bad attribute.
[44028:259:1116/162648.147589:ERROR:gl_display.cc(497)] EGL Driver message (Error) eglQueryDeviceAttribEXT: Bad attribute.
[44028:259:1116/162648.163341:ERROR:gl_display.cc(497)] EGL Driver message (Error) eglQueryDeviceAttribEXT: Bad attribute.
[44028:259:1116/162648.203823:ERROR:gl_display.cc(497)] EGL Driver message (Error) eglQueryDeviceAttribEXT: Bad attribute.
[44028:259:1116/162648.213568:ERROR:gl_display.cc(497)] EGL Driver message (Error) eglQueryDeviceAttribEXT: Bad attribute.
[44028:259:1116/162648.230454:ERROR:gl_display.cc(497)] EGL Driver message (Error) eglQueryDeviceAttribEXT: Bad attribute.
[44028:259:1116/162648.247965:ERROR:gl_display.cc(497)] EGL Driver message (Error) eglQueryDeviceAttribEXT: Bad attribute.
[44028:259:1116/162648.298239:ERROR:gl_display.cc(497)] EGL Driver message (Error) eglQueryDeviceAttribEXT: Bad attribute.
[44028:259:1116/162648.313972:ERROR:gl_display.cc(497)] EGL Driver message (Error) eglQueryDeviceAttribEXT: Bad attribute.
[44028:259:1116/162648.331285:ERROR:gl_display.cc(497)] EGL Driver message (Error) eglQueryDeviceAttribEXT: Bad attribute.
[44028:259:1116/162648.347798:ERROR:gl_display.cc(497)] EGL Driver message (Error) eglQueryDeviceAttribEXT: Bad attribute.
[44028:259:1116/162648.429879:ERROR:gl_display.cc(497)] EGL Driver message (Error) eglQueryDeviceAttribEXT: Bad attribute.
[44028:259:1116/162648.447239:ERROR:gl_display.cc(497)] EGL Driver message (Error) eglQueryDeviceAttribEXT: Bad attribute.
[44028:259:1116/162648.452208:ERROR:gl_display.cc(497)] EGL Driver message (Error) eglQueryDeviceAttribEXT: Bad attribute.
[44028:259:1116/162648.464431:ERROR:gl_display.cc(497)] EGL Driver message (Error) eglQueryDeviceAttribEXT: Bad attribute.
[44028:259:1116/162648.553643:ERROR:gl_display.cc(497)] EGL Driver message (Error) eglQueryDeviceAttribEXT: Bad attribute.
[44028:259:1116/162648.571970:ERROR:gl_display.cc(497)] EGL Driver message (Error) eglQueryDeviceAttribEXT: Bad attribute.
[44028:259:1116/162648.585828:ERROR:gl_display.cc(497)] EGL Driver message (Error) eglQueryDeviceAttribEXT: Bad attribute.
[44028:259:1116/162648.601966:ERROR:gl_display.cc(497)] EGL Driver message (Error) eglQueryDeviceAttribEXT: Bad attribute.
[44022:259:1116/162648.785689:INFO:CONSOLE(71)] "ErrorUtils caught an error:

Converting to a string will drop content data. Hash="undefined" Translation="{user_name} added {names}" Content="{"key":null,"ref":null,"props":{"contact":{"id":"2348052377853@c.us","type":"in","isContactSyncCompleted":1,"textStatusLastUpdateTime":-1,"syncToAddressbook":false},"showNotifyName":true,"elevatedPushNamesEnabled":true,"onClick":null}}" (type=object,Object)

Subsequent non-fatal errors won't be logged; see https://fburl.com/debugjs.", source: https://static.whatsapp.net/rsrc.php/v3/yG/r/neg6V1FU4PW.js (71)
[44028:259:1116/162648.828624:ERROR:gl_display.cc(497)] EGL Driver message (Error) eglQueryDeviceAttribEXT: Bad attribute.
[44028:259:1116/162648.944423:ERROR:gl_display.cc(497)] EGL Driver message (Error) eglQueryDeviceAttribEXT: Bad attribute.
[44028:259:1116/162649.221433:ERROR:gl_display.cc(497)] EGL Driver message (Error) eglQueryDeviceAttribEXT: Bad attribute.
[44028:259:1116/162649.268673:ERROR:gl_display.cc(497)] EGL Driver message (Error) eglQueryDeviceAttribEXT: Bad attribute.
[44028:259:1116/162649.318276:ERROR:gl_display.cc(497)] EGL Driver message (Error) eglQueryDeviceAttribEXT: Bad attribute.
[44029:20227:1116/162649.482466:WARNING:sqlite_persistent_store_backend_base.cc(198)] Failed to post task from FlushAndNotifyInBackground@net/extras/sqlite/sqlite_persistent_store_backend_base.cc:248 to client_task_runner_.
[44029:20227:1116/162649.483205:WARNING:sqlite_persistent_store_backend_base.cc(198)] Failed to post task from FlushAndNotifyInBackground@net/extras/sqlite/sqlite_persistent_store_backend_base.cc:248 to client_task_runner_.
